V3 11
FL H:/BCD_7_SEGMENT_DECODER/BCD_7_SEG_DECODER.vhf 2015/06/30.11:02:32 P.58f
EN work/BCD_7_SEG_DECODER 1435687356 \
      FL H:/BCD_7_SEGMENT_DECODER/BCD_7_SEG_DECODER.vhf PB ieee/std_logic_1164 1364358218 \
      PB ieee/NUMERIC_STD 1364358223 LB UNISIM PH unisim/VCOMPONENTS 1364358225
AR work/BCD_7_SEG_DECODER/BEHAVIORAL 1435687357 \
      FL H:/BCD_7_SEGMENT_DECODER/BCD_7_SEG_DECODER.vhf EN work/BCD_7_SEG_DECODER 1435687356 \
      CP INV CP AND2 CP AND3 CP AND4 CP OR3 CP OR4 CP OR5
